###############################################################################
#
# IAR ELF Linker V8.40.2.214/W32 for ARM                  10/Dec/2019  22:24:12
# Copyright 2007-2019 IAR Systems AB.
#
#    Output file  =
#        C:\03_workspace\iar\nucleof446re-fw-upgrade\f446re_bl\EWARM\f446re_bl\Exe\f446re_bl.out
#    Map file     =
#        C:\03_workspace\iar\nucleof446re-fw-upgrade\f446re_bl\EWARM\f446re_bl\List\f446re_bl.map
#    Command line =
#        -f C:\Users\tianxia1\AppData\Local\Temp\EW4372.tmp
#        (C:\03_workspace\iar\nucleof446re-fw-upgrade\f446re_bl\EWARM\f446re_bl\Obj\command.o
#        C:\03_workspace\iar\nucleof446re-fw-upgrade\f446re_bl\EWARM\f446re_bl\Obj\gpio.o
#        C:\03_workspace\iar\nucleof446re-fw-upgrade\f446re_bl\EWARM\f446re_bl\Obj\main.o
#        C:\03_workspace\iar\nucleof446re-fw-upgrade\f446re_bl\EWARM\f446re_bl\Obj\startup_stm32f446xx.o
#        C:\03_workspace\iar\nucleof446re-fw-upgrade\f446re_bl\EWARM\f446re_bl\Obj\stm32f4xx_hal.o
#        C:\03_workspace\iar\nucleof446re-fw-upgrade\f446re_bl\EWARM\f446re_bl\Obj\stm32f4xx_hal_cortex.o
#        C:\03_workspace\iar\nucleof446re-fw-upgrade\f446re_bl\EWARM\f446re_bl\Obj\stm32f4xx_hal_dma.o
#        C:\03_workspace\iar\nucleof446re-fw-upgrade\f446re_bl\EWARM\f446re_bl\Obj\stm32f4xx_hal_dma_ex.o
#        C:\03_workspace\iar\nucleof446re-fw-upgrade\f446re_bl\EWARM\f446re_bl\Obj\stm32f4xx_hal_exti.o
#        C:\03_workspace\iar\nucleof446re-fw-upgrade\f446re_bl\EWARM\f446re_bl\Obj\stm32f4xx_hal_flash.o
#        C:\03_workspace\iar\nucleof446re-fw-upgrade\f446re_bl\EWARM\f446re_bl\Obj\stm32f4xx_hal_flash_ex.o
#        C:\03_workspace\iar\nucleof446re-fw-upgrade\f446re_bl\EWARM\f446re_bl\Obj\stm32f4xx_hal_flash_ramfunc.o
#        C:\03_workspace\iar\nucleof446re-fw-upgrade\f446re_bl\EWARM\f446re_bl\Obj\stm32f4xx_hal_gpio.o
#        C:\03_workspace\iar\nucleof446re-fw-upgrade\f446re_bl\EWARM\f446re_bl\Obj\stm32f4xx_hal_msp.o
#        C:\03_workspace\iar\nucleof446re-fw-upgrade\f446re_bl\EWARM\f446re_bl\Obj\stm32f4xx_hal_pwr.o
#        C:\03_workspace\iar\nucleof446re-fw-upgrade\f446re_bl\EWARM\f446re_bl\Obj\stm32f4xx_hal_pwr_ex.o
#        C:\03_workspace\iar\nucleof446re-fw-upgrade\f446re_bl\EWARM\f446re_bl\Obj\stm32f4xx_hal_rcc.o
#        C:\03_workspace\iar\nucleof446re-fw-upgrade\f446re_bl\EWARM\f446re_bl\Obj\stm32f4xx_hal_rcc_ex.o
#        C:\03_workspace\iar\nucleof446re-fw-upgrade\f446re_bl\EWARM\f446re_bl\Obj\stm32f4xx_hal_tim.o
#        C:\03_workspace\iar\nucleof446re-fw-upgrade\f446re_bl\EWARM\f446re_bl\Obj\stm32f4xx_hal_tim_ex.o
#        C:\03_workspace\iar\nucleof446re-fw-upgrade\f446re_bl\EWARM\f446re_bl\Obj\stm32f4xx_hal_uart.o
#        C:\03_workspace\iar\nucleof446re-fw-upgrade\f446re_bl\EWARM\f446re_bl\Obj\stm32f4xx_it.o
#        C:\03_workspace\iar\nucleof446re-fw-upgrade\f446re_bl\EWARM\f446re_bl\Obj\sys.o
#        C:\03_workspace\iar\nucleof446re-fw-upgrade\f446re_bl\EWARM\f446re_bl\Obj\system_stm32f4xx.o
#        C:\03_workspace\iar\nucleof446re-fw-upgrade\f446re_bl\EWARM\f446re_bl\Obj\usart.o
#        --redirect _Printf=_PrintfFull --redirect _Scanf=_ScanfFull
#        --no_out_extension -o
#        C:\03_workspace\iar\nucleof446re-fw-upgrade\f446re_bl\EWARM\f446re_bl\Exe\f446re_bl.out
#        --map
#        C:\03_workspace\iar\nucleof446re-fw-upgrade\f446re_bl\EWARM\f446re_bl\List\f446re_bl.map
#        --config
#        C:\03_workspace\iar\nucleof446re-fw-upgrade\f446re_bl\EWARM/stm32f446xx_flash.icf
#        --semihosting --entry __iar_program_start --vfe --text_out locale)
#
###############################################################################

*******************************************************************************
*** RUNTIME MODEL ATTRIBUTES
***

CppFlavor       = *
__SystemLibrary = DLib
__dlib_version  = 6


*******************************************************************************
*** HEAP SELECTION
***

The basic heap was selected because no calls to memory allocation
functions were found in the application outside of system library
functions, and there are calls to deallocation functions in the
application.


*******************************************************************************
*** PLACEMENT SUMMARY
***

"A0":  place at address 0x800'0000 { ro section .intvec };
"P1":  place in [from 0x800'0000 to 0x807'ffff] { ro };
define block CSTACK with size = 1K, alignment = 8 { };
define block HEAP with size = 512, alignment = 8 { };
"P2":  place in [from 0x2000'0000 to 0x2001'ffff] {
          rw, block CSTACK, block HEAP };
initialize by copy { rw };

  Section            Kind         Address    Size  Object
  -------            ----         -------    ----  ------
"A0":                                       0x1c4
  .intvec            ro code   0x800'0000   0x1c4  startup_stm32f446xx.o [1]
                             - 0x800'01c4   0x1c4

"P1":                                      0x3472
  .text              ro code   0x800'01c4   0x94c  stm32f4xx_hal_uart.o [1]
  .text              ro code   0x800'0b10    0xd8  main.o [1]
  .text              ro code   0x800'0be8    0xc4  usart.o [1]
  .text              ro code   0x800'0cac     0xc  stm32f4xx_hal.o [1]
  .text              ro code   0x800'0cb8    0x28  stm32f4xx_hal_dma.o [1]
  .text              ro code   0x800'0ce0     0x2  stm32f4xx_hal_uart.o [1]
  .text              ro code   0x800'0ce2     0x2  stm32f4xx_hal_uart.o [1]
  .text              ro code   0x800'0ce4   0x828  command.o [1]
  .text              ro code   0x800'150c   0x2bc  stm32f4xx_hal_rcc.o [1]
  .text              ro code   0x800'17c8    0x34  stm32f4xx_hal.o [1]
  .text              ro code   0x800'17fc   0x12c  gpio.o [1]
  .text              ro code   0x800'1928    0x66  ABImemset.o [4]
  .text              ro code   0x800'198e    0x3a  zero_init3.o [4]
  .text              ro code   0x800'19c8   0x614  stm32f4xx_hal_rcc_ex.o [1]
  .text              ro code   0x800'1fdc    0x14  memset.o [4]
  .text              ro code   0x800'1ff0   0x550  stm32f4xx_hal_gpio.o [1]
  .text              ro code   0x800'2540   0x1b4  stm32f4xx_hal_cortex.o [1]
  .text              ro code   0x800'26f4    0x68  DblToFlt.o [3]
  .text              ro code   0x800'275c    0xa6  ABImemcpy.o [4]
  .text              ro code   0x800'2804   0x2e8  stm32f4xx_hal_flash.o [1]
  .text              ro code   0x800'2aec   0x260  stm32f4xx_hal_flash_ex.o [1]
  .text              ro code   0x800'2d4c    0x4c  stm32f4xx_hal.o [1]
  .text              ro code   0x800'2d98    0x40  stm32f4xx_hal_msp.o [1]
  .text              ro code   0x800'2dd8   0x230  I64DivMod.o [4]
  .text              ro code   0x800'3008     0x2  I64DivZer.o [4]
  .rodata            const     0x800'300c    0x70  stm32f4xx_hal_cortex.o [1]
  .rodata            const     0x800'307c    0x70  stm32f4xx_hal_flash.o [1]
  .rodata            const     0x800'30ec    0x70  stm32f4xx_hal_flash_ex.o [1]
  .rodata            const     0x800'315c    0x70  stm32f4xx_hal_rcc_ex.o [1]
  .rodata            const     0x800'31cc    0x6c  stm32f4xx_hal_gpio.o [1]
  .rodata            const     0x800'3238    0x6c  stm32f4xx_hal_rcc.o [1]
  .rodata            const     0x800'32a4    0x6c  stm32f4xx_hal_uart.o [1]
  .text              ro code   0x800'3310    0x60  system_stm32f4xx.o [1]
  .text              ro code   0x800'3370    0x38  packbits_init_single.o [4]
  .text              ro code   0x800'33a8    0x28  stm32f4xx_it.o [1]
  .text              ro code   0x800'33d0    0x18  stm32f4xx_hal.o [1]
  .text              ro code   0x800'33e8    0x28  data_init.o [4]
  .text              ro code   0x800'3410    0x22  fpinit_M.o [3]
  .iar.init_table    const     0x800'3434    0x20  - Linker created -
  .text              ro code   0x800'3454    0x1e  cmain.o [4]
  .text              ro code   0x800'3472     0x4  low_level_init.o [2]
  .text              ro code   0x800'3476     0x4  exit.o [2]
  .text              ro code   0x800'347c     0xa  cexit.o [4]
  .text              ro code   0x800'3488    0x14  exit.o [5]
  .rodata            const     0x800'349c    0x10  system_stm32f4xx.o [1]
  .text              ro code   0x800'34ac    0x10  startup_stm32f446xx.o [1]
  .text              ro code   0x800'34bc     0xc  cstartup_M.o [4]
  .rodata            const     0x800'34c8     0x8  system_stm32f4xx.o [1]
  .rodata            const     0x800'34d0     0x4  command.o [1]
  .text              ro code   0x800'34d4     0x4  startup_stm32f446xx.o [1]
  .text              ro code   0x800'34d8     0x4  startup_stm32f446xx.o [1]
  .text              ro code   0x800'34dc     0x4  startup_stm32f446xx.o [1]
  .text              ro code   0x800'34e0     0x4  startup_stm32f446xx.o [1]
  .text              ro code   0x800'34e4     0x4  startup_stm32f446xx.o [1]
  .text              ro code   0x800'34e8     0x4  startup_stm32f446xx.o [1]
  .text              ro code   0x800'34ec     0x4  startup_stm32f446xx.o [1]
  .text              ro code   0x800'34f0     0x4  startup_stm32f446xx.o [1]
  .text              ro code   0x800'34f4     0x4  startup_stm32f446xx.o [1]
  .text              ro code   0x800'34f8     0x4  startup_stm32f446xx.o [1]
  .text              ro code   0x800'34fc     0x4  startup_stm32f446xx.o [1]
  .text              ro code   0x800'3500     0x4  startup_stm32f446xx.o [1]
  .text              ro code   0x800'3504     0x4  startup_stm32f446xx.o [1]
  .text              ro code   0x800'3508     0x4  startup_stm32f446xx.o [1]
  .text              ro code   0x800'350c     0x4  startup_stm32f446xx.o [1]
  .text              ro code   0x800'3510     0x4  startup_stm32f446xx.o [1]
  .text              ro code   0x800'3514     0x4  startup_stm32f446xx.o [1]
  .text              ro code   0x800'3518     0x4  startup_stm32f446xx.o [1]
  .text              ro code   0x800'351c     0x4  startup_stm32f446xx.o [1]
  .text              ro code   0x800'3520     0x4  startup_stm32f446xx.o [1]
  .text              ro code   0x800'3524     0x4  startup_stm32f446xx.o [1]
  .text              ro code   0x800'3528     0x4  startup_stm32f446xx.o [1]
  .text              ro code   0x800'352c     0x4  startup_stm32f446xx.o [1]
  .text              ro code   0x800'3530     0x4  startup_stm32f446xx.o [1]
  .text              ro code   0x800'3534     0x4  startup_stm32f446xx.o [1]
  .text              ro code   0x800'3538     0x4  startup_stm32f446xx.o [1]
  .text              ro code   0x800'353c     0x4  startup_stm32f446xx.o [1]
  .text              ro code   0x800'3540     0x4  startup_stm32f446xx.o [1]
  .text              ro code   0x800'3544     0x4  startup_stm32f446xx.o [1]
  .text              ro code   0x800'3548     0x4  startup_stm32f446xx.o [1]
  .text              ro code   0x800'354c     0x4  startup_stm32f446xx.o [1]
  .text              ro code   0x800'3550     0x4  startup_stm32f446xx.o [1]
  .text              ro code   0x800'3554     0x4  startup_stm32f446xx.o [1]
  .text              ro code   0x800'3558     0x4  startup_stm32f446xx.o [1]
  .text              ro code   0x800'355c     0x4  startup_stm32f446xx.o [1]
  .text              ro code   0x800'3560     0x4  startup_stm32f446xx.o [1]
  .text              ro code   0x800'3564     0x4  startup_stm32f446xx.o [1]
  .text              ro code   0x800'3568     0x4  startup_stm32f446xx.o [1]
  .text              ro code   0x800'356c     0x4  startup_stm32f446xx.o [1]
  .text              ro code   0x800'3570     0x4  startup_stm32f446xx.o [1]
  .text              ro code   0x800'3574     0x4  startup_stm32f446xx.o [1]
  .text              ro code   0x800'3578     0x4  startup_stm32f446xx.o [1]
  .text              ro code   0x800'357c     0x4  startup_stm32f446xx.o [1]
  .text              ro code   0x800'3580     0x4  startup_stm32f446xx.o [1]
  .text              ro code   0x800'3584     0x4  startup_stm32f446xx.o [1]
  .text              ro code   0x800'3588     0x4  startup_stm32f446xx.o [1]
  .text              ro code   0x800'358c     0x4  startup_stm32f446xx.o [1]
  .text              ro code   0x800'3590     0x4  startup_stm32f446xx.o [1]
  .text              ro code   0x800'3594     0x4  startup_stm32f446xx.o [1]
  .text              ro code   0x800'3598     0x4  startup_stm32f446xx.o [1]
  .text              ro code   0x800'359c     0x4  startup_stm32f446xx.o [1]
  .text              ro code   0x800'35a0     0x4  startup_stm32f446xx.o [1]
  .text              ro code   0x800'35a4     0x4  startup_stm32f446xx.o [1]
  .text              ro code   0x800'35a8     0x4  startup_stm32f446xx.o [1]
  .text              ro code   0x800'35ac     0x4  startup_stm32f446xx.o [1]
  .text              ro code   0x800'35b0     0x4  startup_stm32f446xx.o [1]
  .text              ro code   0x800'35b4     0x4  startup_stm32f446xx.o [1]
  .text              ro code   0x800'35b8     0x4  startup_stm32f446xx.o [1]
  .text              ro code   0x800'35bc     0x4  startup_stm32f446xx.o [1]
  .text              ro code   0x800'35c0     0x4  startup_stm32f446xx.o [1]
  .text              ro code   0x800'35c4     0x4  startup_stm32f446xx.o [1]
  .text              ro code   0x800'35c8     0x4  startup_stm32f446xx.o [1]
  .text              ro code   0x800'35cc     0x4  startup_stm32f446xx.o [1]
  .text              ro code   0x800'35d0     0x4  startup_stm32f446xx.o [1]
  .text              ro code   0x800'35d4     0x4  startup_stm32f446xx.o [1]
  .text              ro code   0x800'35d8     0x4  startup_stm32f446xx.o [1]
  .text              ro code   0x800'35dc     0x4  startup_stm32f446xx.o [1]
  .text              ro code   0x800'35e0     0x4  startup_stm32f446xx.o [1]
  .text              ro code   0x800'35e4     0x4  startup_stm32f446xx.o [1]
  .text              ro code   0x800'35e8     0x4  startup_stm32f446xx.o [1]
  .text              ro code   0x800'35ec     0x4  startup_stm32f446xx.o [1]
  .text              ro code   0x800'35f0     0x4  startup_stm32f446xx.o [1]
  .text              ro code   0x800'35f4     0x4  startup_stm32f446xx.o [1]
  .text              ro code   0x800'35f8     0x4  startup_stm32f446xx.o [1]
  .text              ro code   0x800'35fc     0x4  startup_stm32f446xx.o [1]
  .text              ro code   0x800'3600     0x4  startup_stm32f446xx.o [1]
  .text              ro code   0x800'3604     0x4  startup_stm32f446xx.o [1]
  .text              ro code   0x800'3608     0x4  startup_stm32f446xx.o [1]
  .text              ro code   0x800'360c     0x4  startup_stm32f446xx.o [1]
  .text              ro code   0x800'3610     0x4  startup_stm32f446xx.o [1]
  .text              ro code   0x800'3614     0x4  startup_stm32f446xx.o [1]
  .text              ro code   0x800'3618     0x4  startup_stm32f446xx.o [1]
  .text              ro code   0x800'361c     0x4  startup_stm32f446xx.o [1]
  .text              ro code   0x800'3620     0x4  startup_stm32f446xx.o [1]
  .text              ro code   0x800'3624     0x4  startup_stm32f446xx.o [1]
  .rodata            const     0x800'3628     0x0  zero_init3.o [4]
  .rodata            const     0x800'3628     0x0  packbits_init_single.o [4]
  Initializer bytes  const     0x800'3628     0xe  <for P2-1>
                             - 0x800'3636  0x3472

Absolute sections:                            0x4
  .noinit            uninit   0x2000'0000     0x4  main.o [1]
                            - 0x2000'0004     0x4

"P2", part 1 of 3:                           0x49
  P2-1                        0x2000'0004    0x49  <Init block>
    .data            inited   0x2000'0004    0x40  command.o [1]
    .data            inited   0x2000'0044     0x4  stm32f4xx_hal.o [1]
    .data            inited   0x2000'0048     0x4  system_stm32f4xx.o [1]
    .data            inited   0x2000'004c     0x1  stm32f4xx_hal.o [1]
                            - 0x2000'004d    0x49

"P2", part 2 of 3:                          0x110
  .bss               zero     0x2000'0050    0x40  command.o [1]
  .bss               zero     0x2000'0090    0x40  command.o [1]
  .bss               zero     0x2000'00d0    0x40  usart.o [1]
  .bss               zero     0x2000'0110    0x20  stm32f4xx_hal_flash.o [1]
  .bss               zero     0x2000'0130    0x14  command.o [1]
  .bss               zero     0x2000'0144     0x4  command.o [1]
  .bss               zero     0x2000'0148    0x10  command.o [1]
  .bss               zero     0x2000'0158     0x4  stm32f4xx_hal.o [1]
  .bss               zero     0x2000'015c     0x1  command.o [1]
  .bss               zero     0x2000'015d     0x1  command.o [1]
  .bss               zero     0x2000'015e     0x1  command.o [1]
  .bss               zero     0x2000'015f     0x1  command.o [1]
                            - 0x2000'0160   0x110

"P2", part 3 of 3:                          0x400
  CSTACK                      0x2000'0160   0x400  <Block>
    CSTACK           uninit   0x2000'0160   0x400  <Block tail>
                            - 0x2000'0560   0x400

Unused ranges:

         From           To      Size
         ----           --      ----
   0x800'3636   0x807'ffff  0x7'c9ca
  0x2000'004d  0x2000'004f       0x3
  0x2000'0560  0x2001'ffff  0x1'faa0


*******************************************************************************
*** INIT TABLE
***

          Address      Size
          -------      ----
Zero (__iar_zero_init3)
    1 destination range, total size 0x110:
          0x2000'0050  0x110

Copy/packbits (__iar_packbits_init_single3)
    1 source range, total size 0xe (19% of destination):
           0x800'3628    0xe
    1 destination range, total size 0x49:
          0x2000'0004   0x49



*******************************************************************************
*** MODULE SUMMARY
***

    Module                    ro code  ro data  rw data  rw data
                                                          (abs)
    ------                    -------  -------  -------  -------
command line/config:
    ------------------------------------------------------------
    Total:

C:\03_workspace\iar\nucleof446re-fw-upgrade\f446re_bl\EWARM\f446re_bl\Obj: [1]
    command.o                   2'088       16      236
    gpio.o                        300
    main.o                        216                          4
    startup_stm32f446xx.o         808
    stm32f4xx_hal.o               164        2        9
    stm32f4xx_hal_cortex.o        436      112
    stm32f4xx_hal_dma.o            40
    stm32f4xx_hal_flash.o         744      112       32
    stm32f4xx_hal_flash_ex.o      608      112
    stm32f4xx_hal_gpio.o        1'360      108
    stm32f4xx_hal_msp.o            64
    stm32f4xx_hal_rcc.o           700      108
    stm32f4xx_hal_rcc_ex.o      1'556      112
    stm32f4xx_hal_uart.o        2'384      108
    stm32f4xx_it.o                 40
    system_stm32f4xx.o             96       24        4
    usart.o                       196                64
    ------------------------------------------------------------
    Total:                     11'800      814      345        4

dl7M_tlf.a: [2]
    exit.o                          4
    low_level_init.o                4
    ------------------------------------------------------------
    Total:                          8

m7M_tls.a: [3]
    DblToFlt.o                    104
    fpinit_M.o                     34
    ------------------------------------------------------------
    Total:                        138

rt7M_tl.a: [4]
    ABImemcpy.o                   166
    ABImemset.o                   102
    I64DivMod.o                   560
    I64DivZer.o                     2
    cexit.o                        10
    cmain.o                        30
    cstartup_M.o                   12
    data_init.o                    40
    memset.o                       20
    packbits_init_single.o         56
    zero_init3.o                   58
    ------------------------------------------------------------
    Total:                      1'056

shb_l.a: [5]
    exit.o                         20
    ------------------------------------------------------------
    Total:                         20

    Gaps                            6        4
    Linker created                          32    1'024
----------------------------------------------------------------
    Grand Total:               13'028      850    1'369        4


*******************************************************************************
*** ENTRY LIST
***

Entry                       Address   Size  Type      Object
-----                       -------   ----  ----      ------
.iar.init_table$$Base    0x800'3434          --   Gb  - Linker created -
.iar.init_table$$Limit   0x800'3454          --   Gb  - Linker created -
?main                    0x800'3455         Code  Gb  cmain.o [4]
AHBPrescTable            0x800'349c   0x10  Data  Gb  system_stm32f4xx.o [1]
APBPrescTable            0x800'34c8    0x8  Data  Gb  system_stm32f4xx.o [1]
BusFault_Handler         0x800'33af    0x2  Code  Gb  stm32f4xx_it.o [1]
CSTACK$$Base            0x2000'0160          --   Gb  - Linker created -
CSTACK$$Limit           0x2000'0560          --   Gb  - Linker created -
CommandHandler           0x800'10b3  0x402  Code  Gb  command.o [1]
Console_Listen           0x800'0d03   0x28  Code  Lc  command.o [1]
DebugMon_Handler         0x800'33b5    0x2  Code  Gb  stm32f4xx_it.o [1]
Error_Handler            0x800'0be5    0x2  Code  Gb  main.o [1]
FLASH_Erase_Sector       0x800'2c35   0xb8  Code  Gb  stm32f4xx_hal_flash_ex.o [1]
FLASH_FlushCaches        0x800'2ced   0x50  Code  Gb  stm32f4xx_hal_flash_ex.o [1]
FLASH_MassErase          0x800'2bcd   0x68  Code  Lc  stm32f4xx_hal_flash_ex.o [1]
FLASH_Program_Byte       0x800'2a05   0x42  Code  Lc  stm32f4xx_hal_flash.o [1]
FLASH_Program_DoubleWord
                         0x800'292d   0x4c  Code  Lc  stm32f4xx_hal_flash.o [1]
FLASH_Program_HalfWord   0x800'29bf   0x46  Code  Lc  stm32f4xx_hal_flash.o [1]
FLASH_Program_Word       0x800'2979   0x46  Code  Lc  stm32f4xx_hal_flash.o [1]
FLASH_SetErrorCode       0x800'2a47   0x7e  Code  Lc  stm32f4xx_hal_flash.o [1]
FLASH_WaitForLastOperation
                         0x800'28dd   0x50  Code  Gb  stm32f4xx_hal_flash.o [1]
HAL_DMA_Abort_IT         0x800'0cb9   0x28  Code  Gb  stm32f4xx_hal_dma.o [1]
HAL_FLASHEx_Erase        0x800'2aed   0xe0  Code  Gb  stm32f4xx_hal_flash_ex.o [1]
HAL_FLASH_Lock           0x800'28cf    0xe  Code  Gb  stm32f4xx_hal_flash.o [1]
HAL_FLASH_Program        0x800'2805   0xa8  Code  Gb  stm32f4xx_hal_flash.o [1]
HAL_FLASH_Unlock         0x800'28ad   0x22  Code  Gb  stm32f4xx_hal_flash.o [1]
HAL_GPIO_Init            0x800'1ff1  0x474  Code  Gb  stm32f4xx_hal_gpio.o [1]
HAL_GPIO_TogglePin       0x800'24b3   0x3a  Code  Gb  stm32f4xx_hal_gpio.o [1]
HAL_GPIO_WritePin        0x800'2465   0x4e  Code  Gb  stm32f4xx_hal_gpio.o [1]
HAL_GetTick              0x800'0cad    0xc  Code  Wk  stm32f4xx_hal.o [1]
HAL_IncTick              0x800'33d1   0x18  Code  Wk  stm32f4xx_hal.o [1]
HAL_Init                 0x800'17c9   0x30  Code  Gb  stm32f4xx_hal.o [1]
HAL_InitTick             0x800'2d4d   0x4c  Code  Wk  stm32f4xx_hal.o [1]
HAL_MspInit              0x800'2d99   0x40  Code  Gb  stm32f4xx_hal_msp.o [1]
HAL_NVIC_EnableIRQ       0x800'26a5   0x20  Code  Gb  stm32f4xx_hal_cortex.o [1]
HAL_NVIC_SetPriority     0x800'265f   0x46  Code  Gb  stm32f4xx_hal_cortex.o [1]
HAL_NVIC_SetPriorityGrouping
                         0x800'2635   0x2a  Code  Gb  stm32f4xx_hal_cortex.o [1]
HAL_RCC_ClockConfig      0x800'150d  0x26e  Code  Gb  stm32f4xx_hal_rcc.o [1]
HAL_RCC_GetHCLKFreq      0x800'177b    0x6  Code  Gb  stm32f4xx_hal_rcc.o [1]
HAL_RCC_GetPCLK1Freq     0x800'1781   0x16  Code  Gb  stm32f4xx_hal_rcc.o [1]
HAL_RCC_GetPCLK2Freq     0x800'1797   0x16  Code  Gb  stm32f4xx_hal_rcc.o [1]
HAL_RCC_GetSysClockFreq
                         0x800'19c9   0xf6  Code  Gb  stm32f4xx_hal_rcc_ex.o [1]
HAL_RCC_OscConfig        0x800'1ac9  0x4e4  Code  Gb  stm32f4xx_hal_rcc_ex.o [1]
HAL_SYSTICK_Config       0x800'26c5    0xc  Code  Gb  stm32f4xx_hal_cortex.o [1]
HAL_UART_IRQHandler      0x800'0487  0x14a  Code  Gb  stm32f4xx_hal_uart.o [1]
HAL_UART_Init            0x800'01c5  0x152  Code  Gb  stm32f4xx_hal_uart.o [1]
HAL_UART_MspInit         0x800'0c1d   0x7a  Code  Gb  usart.o [1]
HAL_UART_Receive_IT      0x800'0415   0x72  Code  Gb  stm32f4xx_hal_uart.o [1]
HAL_UART_RxCpltCallback
                         0x800'1025   0x8e  Code  Gb  command.o [1]
HAL_UART_Transmit        0x800'0335   0xe0  Code  Gb  stm32f4xx_hal_uart.o [1]
HardFault_Handler        0x800'33ab    0x2  Code  Gb  stm32f4xx_it.o [1]
MX_GPIO_Init             0x800'17fd  0x12c  Code  Gb  gpio.o [1]
MX_USART1_UART_Init      0x800'0be9   0x34  Code  Gb  usart.o [1]
MemManage_Handler        0x800'33ad    0x2  Code  Gb  stm32f4xx_it.o [1]
NMI_Handler              0x800'33a9    0x2  Code  Gb  stm32f4xx_it.o [1]
NVIC_EncodePriority      0x800'25bf   0x40  Code  Lc  stm32f4xx_hal_cortex.o [1]
PendSV_Handler           0x800'33b7    0x2  Code  Gb  stm32f4xx_it.o [1]
Region$$Table$$Base      0x800'3434          --   Gb  - Linker created -
Region$$Table$$Limit     0x800'3454          --   Gb  - Linker created -
RxByte                  0x2000'015f    0x1  Data  Lc  command.o [1]
SVC_Handler              0x800'33b3    0x2  Code  Gb  stm32f4xx_it.o [1]
SysTick_Config           0x800'25ff   0x36  Code  Lc  stm32f4xx_hal_cortex.o [1]
SysTick_Handler          0x800'33b9    0x8  Code  Gb  stm32f4xx_it.o [1]
SystemClock_Config       0x800'0b29   0xb2  Code  Gb  main.o [1]
SystemCoreClock         0x2000'0048    0x4  Data  Gb  system_stm32f4xx.o [1]
SystemInit               0x800'3311   0x40  Code  Gb  system_stm32f4xx.o [1]
UART_DMAAbortOnError     0x800'0661   0x16  Code  Lc  stm32f4xx_hal_uart.o [1]
UART_EndRxTransfer       0x800'063f   0x20  Code  Lc  stm32f4xx_hal_uart.o [1]
UART_EndTransmit_IT      0x800'06e7   0x20  Code  Lc  stm32f4xx_hal_uart.o [1]
UART_Receive_IT          0x800'0707   0xae  Code  Lc  stm32f4xx_hal_uart.o [1]
UART_SetConfig           0x800'07b5  0x346  Code  Lc  stm32f4xx_hal_uart.o [1]
UART_Transmit_IT         0x800'0679   0x6e  Code  Lc  stm32f4xx_hal_uart.o [1]
UART_WaitOnFlagUntilTimeout
                         0x800'05d1   0x6e  Code  Lc  stm32f4xx_hal_uart.o [1]
USART1_IRQHandler        0x800'33c1    0xa  Code  Gb  stm32f4xx_it.o [1]
UsageFault_Handler       0x800'33b1    0x2  Code  Gb  stm32f4xx_it.o [1]
__NVIC_EnableIRQ         0x800'256f   0x20  Code  Lc  stm32f4xx_hal_cortex.o [1]
__NVIC_GetPriorityGrouping
                         0x800'2563    0xc  Code  Lc  stm32f4xx_hal_cortex.o [1]
__NVIC_SetPriority       0x800'258f   0x30  Code  Lc  stm32f4xx_hal_cortex.o [1]
__NVIC_SetPriorityGrouping
                         0x800'2541   0x22  Code  Lc  stm32f4xx_hal_cortex.o [1]
__NVIC_SystemReset       0x800'0ce5   0x1e  Code  Lc  command.o [1]
__aeabi_d2f              0x800'26f5         Code  Gb  DblToFlt.o [3]
__aeabi_ldiv0            0x800'3009         Code  Gb  I64DivZer.o [4]
__aeabi_memcpy           0x800'275d         Code  Gb  ABImemcpy.o [4]
__aeabi_memcpy4          0x800'277d         Code  Gb  ABImemcpy.o [4]
__aeabi_memcpy8          0x800'277d         Code  Gb  ABImemcpy.o [4]
__aeabi_memset           0x800'1929         Code  Gb  ABImemset.o [4]
__aeabi_uldivmod         0x800'2dd9         Code  Gb  I64DivMod.o [4]
__cmain                  0x800'3455         Code  Gb  cmain.o [4]
__exit                   0x800'3489   0x14  Code  Gb  exit.o [5]
__iar_Memset             0x800'1929         Code  Gb  ABImemset.o [4]
__iar_Memset_word        0x800'1931         Code  Gb  ABImemset.o [4]
__iar_data_init3         0x800'33e9   0x28  Code  Gb  data_init.o [4]
__iar_init_vfp           0x800'3411         Code  Gb  fpinit_M.o [3]
__iar_packbits_init_single3
                         0x800'3371   0x38  Code  Gb  packbits_init_single.o [4]
__iar_program_start      0x800'34bd         Code  Gb  cstartup_M.o [4]
__iar_zero_init3         0x800'198f   0x3a  Code  Gb  zero_init3.o [4]
__low_level_init         0x800'3473    0x4  Code  Gb  low_level_init.o [2]
__vector_table           0x800'0000         Data  Gb  startup_stm32f446xx.o [1]
_call_main               0x800'3461         Code  Gb  cmain.o [4]
_exit                    0x800'347d         Code  Gb  cexit.o [4]
_main                    0x800'346f         Code  Gb  cmain.o [4]
answer                   0x800'0d31  0x2f4  Code  Lc  command.o [1]
assert_failed            0x800'0be7    0x2  Code  Gb  main.o [1]
cmd_answer               0x800'34d0    0x4  Data  Lc  command.o [1]
cmd_exec                0x2000'0090   0x40  Data  Gb  command.o [1]
cmd_recv                0x2000'0050   0x40  Data  Gb  command.o [1]
cmd_transmit            0x2000'0004   0x40  Data  Gb  command.o [1]
crc_check                0x800'0d2b    0x6  Code  Lc  command.o [1]
erase_init              0x2000'0130   0x14  Data  Lc  command.o [1]
exit                     0x800'3477    0x4  Code  Gb  exit.o [2]
flash                   0x2000'0148   0x10  Data  Lc  command.o [1]
huart1                  0x2000'00d0   0x40  Data  Gb  usart.o [1]
main                     0x800'0b11   0x18  Code  Gb  main.o [1]
memset                   0x800'1fdd   0x14  Code  Gb  memset.o [4]
pFlash                  0x2000'0110   0x20  Data  Gb  stm32f4xx_hal_flash.o [1]
page_err                0x2000'0144    0x4  Data  Lc  command.o [1]
uart_listen             0x2000'015c    0x1  Data  Gb  command.o [1]
uart_sts                0x2000'015d    0x1  Data  Lc  command.o [1]
update_request          0x2000'0000    0x4  Data  Gb  main.o [1]
uwTick                  0x2000'0158    0x4  Data  Gb  stm32f4xx_hal.o [1]
uwTickFreq              0x2000'004c    0x1  Data  Gb  stm32f4xx_hal.o [1]
uwTickPrio              0x2000'0044    0x4  Data  Gb  stm32f4xx_hal.o [1]
widx                    0x2000'015e    0x1  Data  Lc  command.o [1]


[1] = C:\03_workspace\iar\nucleof446re-fw-upgrade\f446re_bl\EWARM\f446re_bl\Obj
[2] = dl7M_tlf.a
[3] = m7M_tls.a
[4] = rt7M_tl.a
[5] = shb_l.a

  13'028 bytes of readonly  code memory
     850 bytes of readonly  data memory
   1'369 bytes of readwrite data memory (+ 4 absolute)

Errors: none
Warnings: none
